--- stdout ---


  Admin course content management
    [32m✔[39m creates a new content item (490ms)
    [32m✔[39m edits an existing content item (573ms)
    [32m✔[39m deletes a content item (401ms)
    [32m✔[39m toggles publish status on a content item (560ms)

  Admin course management
    [32m✔[39m lists seeded courses
    [32m✔[39m creates a new course (263ms)
    [32m✔[39m edits an existing course (495ms)
    1) deletes a course

  Admin schedule management
    [32m✔[39m creates a new schedule entry (301ms)
    [32m✔[39m edits an existing schedule entry (439ms)
    [32m✔[39m deletes a schedule entry (310ms)

  Admin user management
    [32m✔[39m creates a new user (434ms)
    [32m✔[39m edits an existing user (652ms)
    [32m✔[39m deletes a user (589ms)
    [32m✔[39m filters the user list by role (226ms)

  Professor course content management
    [32m✔[39m creates a new content item (533ms)
    [32m✔[39m edits an existing content item (539ms)
    [32m✔[39m deletes a content item via the confirm modal (609ms)
    [32m✔[39m toggles publish status on a content item (401ms)

  Professor course list
    [32m✔[39m shows only courses the professor teaches
    [32m✔[39m redirects with an unauthorized error when accessing another professor's roster (89ms)

  Professor grading
    [32m✔[39m shows a pre-seeded grade for a still-active enrollment (187ms)
    [32m✔[39m grading a student completes their enrollment and removes them from the active roster (265ms)
    [32m✔[39m exports the course roster as a CSV download (424ms)

  Login page
    [32m✔[39m shows username, password, and submit fields
    [32m✔[39m shows an error on invalid credentials (167ms)
    [32m✔[39m redirects an unauthenticated visit to a protected route to /login

  Language switching
    [32m✔[39m admin sees the dashboard translated in all 3 supported languages (1115ms)
    [32m✔[39m mkrmpotic sees the dashboard translated in all 3 supported languages (1231ms)
    [32m✔[39m sivanovic sees the dashboard translated in all 3 supported languages (1123ms)

  Language persistence
    [32m✔[39m locale persists across navigation without a ?lang= param (1094ms)

  Content-bearing page localization
    [32m✔[39m admin sees the course list page translated (1266ms)
    [32m✔[39m student sees the course materials page translated (1222ms)

  Student course content viewing
    [32m✔[39m admin publishes content, then a student can view it (1395ms)

  Student course enrollment
    [32m✔[39m can enroll in an available course (168ms)
    [32m✔[39m can drop an enrolled course (162ms)

  Student permissions
    [32m✔[39m student is blocked from the admin dashboard (/admin/dashboard) (1060ms)
    [32m✔[39m student is blocked from the admin course list (/admin/courses) (991ms)
    [32m✔[39m student is blocked from the admin user management (/admin/users) (950ms)
    [32m✔[39m student is blocked from the admin schedule (/admin/schedule) (1121ms)
    [32m✔[39m student is blocked from the professor course list (/professor/courses) (1162ms)
    [32m✔[39m student is blocked from the professor schedule (/professor/schedule) (981ms)


  41 passing (5m)
  1 failing

  1) Admin course management
       deletes a course:
     TimeoutError: Waiting for element to be located By(css selector, [data-testid="create-course-button"])
Wait timed out after 20057ms
      at C:\Users\Matej\Desktop\Algebra\Diplomski\Selenium-masters-thesis-code\node_modules\selenium-webdriver\lib\webdriver.js:938:22
      at processTicksAndRejections (node:internal/process/task_queues:104:5)




--- stderr ---
npm notice run selenium-masters-thesis-code@1.0.0 test
npm notice run mocha
