--- stdout ---

[0m[0m
[0m  Admin course content management[0m
  [32m  [32m✔[39m[0m[90m creates a new content item[0m[31m (893ms)[0m
  [32m  [32m✔[39m[0m[90m edits an existing content item[0m[31m (638ms)[0m
  [32m  [32m✔[39m[0m[90m deletes a content item[0m[31m (521ms)[0m
  [32m  [32m✔[39m[0m[90m toggles publish status on a content item[0m[31m (455ms)[0m

[0m  Admin course management[0m
  [32m  [32m✔[39m[0m[90m lists seeded courses[0m
  [32m  [32m✔[39m[0m[90m creates a new course[0m[31m (277ms)[0m
  [32m  [32m✔[39m[0m[90m edits an existing course[0m[31m (381ms)[0m
  [32m  [32m✔[39m[0m[90m deletes a course[0m[31m (328ms)[0m

[0m  Admin schedule management[0m
  [32m  [32m✔[39m[0m[90m creates a new schedule entry[0m[31m (310ms)[0m
  [32m  [32m✔[39m[0m[90m edits an existing schedule entry[0m[31m (373ms)[0m
  [32m  [32m✔[39m[0m[90m deletes a schedule entry[0m[31m (384ms)[0m

[0m  Admin user management[0m
  [32m  [32m✔[39m[0m[90m creates a new user[0m[31m (442ms)[0m
  [32m  [32m✔[39m[0m[90m edits an existing user[0m[31m (629ms)[0m
  [32m  [32m✔[39m[0m[90m deletes a user[0m[31m (526ms)[0m
  [32m  [32m✔[39m[0m[90m filters the user list by role[0m[31m (139ms)[0m

[0m  Professor course content management[0m
  [32m  [32m✔[39m[0m[90m creates a new content item[0m[31m (338ms)[0m
  [32m  [32m✔[39m[0m[90m edits an existing content item[0m[31m (543ms)[0m
  [32m  [32m✔[39m[0m[90m deletes a content item via the confirm modal[0m[31m (738ms)[0m
  [32m  [32m✔[39m[0m[90m toggles publish status on a content item[0m[31m (562ms)[0m

[0m  Professor course list[0m
  [32m  [32m✔[39m[0m[90m shows only courses the professor teaches[0m
  [32m  [32m✔[39m[0m[90m redirects with an unauthorized error when accessing another professor's roster[0m[31m (87ms)[0m

[0m  Professor grading[0m
  [32m  [32m✔[39m[0m[90m shows a pre-seeded grade for a still-active enrollment[0m[31m (395ms)[0m
  [32m  [32m✔[39m[0m[90m grading a student completes their enrollment and removes them from the active roster[0m[31m (314ms)[0m
  [32m  [32m✔[39m[0m[90m exports the course roster as a CSV download[0m[31m (411ms)[0m

[0m  Login page[0m
  [32m  [32m✔[39m[0m[90m shows username, password, and submit fields[0m
  [32m  [32m✔[39m[0m[90m shows an error on invalid credentials[0m[31m (182ms)[0m
  [32m  [32m✔[39m[0m[90m redirects an unauthenticated visit to a protected route to /login[0m

[0m  Language switching[0m
  [32m  [32m✔[39m[0m[90m admin sees the dashboard translated in all 3 supported languages[0m[31m (1250ms)[0m
  [32m  [32m✔[39m[0m[90m mkrmpotic sees the dashboard translated in all 3 supported languages[0m[31m (1115ms)[0m
  [32m  [32m✔[39m[0m[90m sivanovic sees the dashboard translated in all 3 supported languages[0m[31m (1145ms)[0m

[0m  Language persistence[0m
  [32m  [32m✔[39m[0m[90m locale persists across navigation without a ?lang= param[0m[31m (1269ms)[0m

[0m  Content-bearing page localization[0m
  [32m  [32m✔[39m[0m[90m admin sees the course list page translated[0m[31m (1112ms)[0m
  [32m  [32m✔[39m[0m[90m student sees the course materials page translated[0m[31m (1194ms)[0m

[0m  Student course content viewing[0m
  [32m  [32m✔[39m[0m[90m admin publishes content, then a student can view it[0m[31m (1480ms)[0m

[0m  Student course enrollment[0m
  [32m  [32m✔[39m[0m[90m can enroll in an available course[0m[31m (249ms)[0m
  [32m  [32m✔[39m[0m[90m can drop an enrolled course[0m[31m (242ms)[0m

[0m  Student permissions[0m
  [32m  [32m✔[39m[0m[90m student is blocked from the admin dashboard (/admin/dashboard)[0m[31m (989ms)[0m
  [32m  [32m✔[39m[0m[90m student is blocked from the admin course list (/admin/courses)[0m[31m (948ms)[0m
  [32m  [32m✔[39m[0m[90m student is blocked from the admin user management (/admin/users)[0m[31m (1019ms)[0m
  [32m  [32m✔[39m[0m[90m student is blocked from the admin schedule (/admin/schedule)[0m[31m (921ms)[0m
  [32m  [32m✔[39m[0m[90m student is blocked from the professor course list (/professor/courses)[0m[31m (986ms)[0m
  [32m  [32m✔[39m[0m[90m student is blocked from the professor schedule (/professor/schedule)[0m[31m (982ms)[0m


[92m [0m[32m 42 passing[0m[90m (5m)[0m


--- stderr ---
npm notice run selenium-masters-thesis-code@1.0.0 test
npm notice run mocha
