--- stdout ---


  Admin course content management
    [32m✔[39m creates a new content item (847ms)
    [32m✔[39m edits an existing content item (561ms)
    [32m✔[39m deletes a content item (451ms)
    [32m✔[39m toggles publish status on a content item (494ms)

  Admin course management
    [32m✔[39m lists seeded courses
    1) creates a new course
    2) edits an existing course
    3) deletes a course

  Admin schedule management
    [32m✔[39m creates a new schedule entry (256ms)
    [32m✔[39m edits an existing schedule entry (373ms)
    [32m✔[39m deletes a schedule entry (295ms)

  Admin user management
    [32m✔[39m creates a new user (449ms)
    [32m✔[39m edits an existing user (750ms)
    [32m✔[39m deletes a user (680ms)
    [32m✔[39m filters the user list by role (247ms)

  Professor course content management
    [32m✔[39m creates a new content item (488ms)
    [32m✔[39m edits an existing content item (530ms)
    [32m✔[39m deletes a content item via the confirm modal (799ms)
    [32m✔[39m toggles publish status on a content item (534ms)

  Professor course list
    [32m✔[39m shows only courses the professor teaches
    [32m✔[39m redirects with an unauthorized error when accessing another professor's roster (269ms)

  Professor grading
    [32m✔[39m shows a pre-seeded grade for a still-active enrollment (224ms)
    [32m✔[39m grading a student completes their enrollment and removes them from the active roster (454ms)
    [32m✔[39m exports the course roster as a CSV download (393ms)

  Login page
    [32m✔[39m shows username, password, and submit fields
    [32m✔[39m shows an error on invalid credentials (359ms)
    [32m✔[39m redirects an unauthenticated visit to a protected route to /login

  Language switching
    [32m✔[39m admin sees the dashboard translated in all 3 supported languages (1139ms)
    [32m✔[39m mkrmpotic sees the dashboard translated in all 3 supported languages (1078ms)
    [32m✔[39m sivanovic sees the dashboard translated in all 3 supported languages (1150ms)

  Language persistence
    [32m✔[39m locale persists across navigation without a ?lang= param (1113ms)

  Content-bearing page localization
    [32m✔[39m admin sees the course list page translated (1082ms)
    [32m✔[39m student sees the course materials page translated (1234ms)

  Student course content viewing
    [32m✔[39m admin publishes content, then a student can view it (1223ms)

  Student course enrollment
    [32m✔[39m can enroll in an available course (279ms)
    4) can drop an enrolled course

  Student permissions
    [32m✔[39m student is blocked from the admin dashboard (/admin/dashboard) (1077ms)
    [32m✔[39m student is blocked from the admin course list (/admin/courses) (1001ms)
    [32m✔[39m student is blocked from the admin user management (/admin/users) (1036ms)
    [32m✔[39m student is blocked from the admin schedule (/admin/schedule) (1013ms)
    [32m✔[39m student is blocked from the professor course list (/professor/courses) (1014ms)
    [32m✔[39m student is blocked from the professor schedule (/professor/schedule) (957ms)


  38 passing (8m)
  4 failing

  1) Admin course management
       creates a new course:
     TimeoutError: Waiting for element to be located By(css selector, [data-testid="create-course-button"])
Wait timed out after 20033ms
      at C:\Users\Matej\Desktop\Algebra\Diplomski\Selenium-masters-thesis-code\node_modules\selenium-webdriver\lib\webdriver.js:938:22
      at processTicksAndRejections (node:internal/process/task_queues:104:5)

  2) Admin course management
       edits an existing course:
     TimeoutError: Waiting for element to be located By(css selector, [data-testid="create-course-button"])
Wait timed out after 20142ms
      at C:\Users\Matej\Desktop\Algebra\Diplomski\Selenium-masters-thesis-code\node_modules\selenium-webdriver\lib\webdriver.js:938:22
      at processTicksAndRejections (node:internal/process/task_queues:104:5)

  3) Admin course management
       deletes a course:
     TimeoutError: Waiting for element to be located By(css selector, [data-testid="create-course-button"])
Wait timed out after 20084ms
      at C:\Users\Matej\Desktop\Algebra\Diplomski\Selenium-masters-thesis-code\node_modules\selenium-webdriver\lib\webdriver.js:938:22
      at processTicksAndRejections (node:internal/process/task_queues:104:5)

  4) Student course enrollment
       can drop an enrolled course:
     TimeoutError: Waiting for element to be located By(xpath, //tr[td/strong[normalize-space()="ENG201"]])
Wait timed out after 20175ms
      at C:\Users\Matej\Desktop\Algebra\Diplomski\Selenium-masters-thesis-code\node_modules\selenium-webdriver\lib\webdriver.js:938:22
      at processTicksAndRejections (node:internal/process/task_queues:104:5)




--- stderr ---
npm notice run selenium-masters-thesis-code@1.0.0 test
npm notice run mocha
