--- stdout ---


  Admin course content management
    [32m✔[39m creates a new content item (588ms)
    [32m✔[39m edits an existing content item (519ms)
    [32m✔[39m deletes a content item (461ms)
    [32m✔[39m toggles publish status on a content item (439ms)

  Admin course management
    [32m✔[39m lists seeded courses
    [32m✔[39m creates a new course (271ms)
    [32m✔[39m edits an existing course (451ms)
    [32m✔[39m deletes a course (320ms)

  Admin schedule management
    [32m✔[39m creates a new schedule entry (307ms)
    [32m✔[39m edits an existing schedule entry (437ms)
    [32m✔[39m deletes a schedule entry (360ms)

  Admin user management
    [32m✔[39m creates a new user (407ms)
    [32m✔[39m edits an existing user (582ms)
    [32m✔[39m deletes a user (551ms)
    [32m✔[39m filters the user list by role (187ms)

  Professor course content management
    [32m✔[39m creates a new content item (360ms)
    [32m✔[39m edits an existing content item (531ms)
    [32m✔[39m deletes a content item via the confirm modal (711ms)
    [32m✔[39m toggles publish status on a content item (455ms)

  Professor course list
    [32m✔[39m shows only courses the professor teaches
    [32m✔[39m redirects with an unauthorized error when accessing another professor's roster (42ms)

  Professor grading
    [32m✔[39m shows a pre-seeded grade for a still-active enrollment (179ms)
    [32m✔[39m grading a student completes their enrollment and removes them from the active roster (351ms)
    [32m✔[39m exports the course roster as a CSV download (429ms)

  Login page
    [32m✔[39m shows username, password, and submit fields
    [32m✔[39m shows an error on invalid credentials (388ms)
    [32m✔[39m redirects an unauthenticated visit to a protected route to /login (96ms)

  Language switching
    [32m✔[39m admin sees the dashboard translated in all 3 supported languages (1185ms)
    [32m✔[39m mkrmpotic sees the dashboard translated in all 3 supported languages (1210ms)
    [32m✔[39m sivanovic sees the dashboard translated in all 3 supported languages (1346ms)

  Language persistence
    [32m✔[39m locale persists across navigation without a ?lang= param (1254ms)

  Content-bearing page localization
    [32m✔[39m admin sees the course list page translated (1189ms)
    [32m✔[39m student sees the course materials page translated (1426ms)

  Student course content viewing
    [32m✔[39m admin publishes content, then a student can view it (1614ms)

  Student course enrollment
    [32m✔[39m can enroll in an available course (328ms)
    [32m✔[39m can drop an enrolled course (255ms)

  Student permissions
    [32m✔[39m student is blocked from the admin dashboard (/admin/dashboard) (965ms)
    [32m✔[39m student is blocked from the admin course list (/admin/courses) (1100ms)
    [32m✔[39m student is blocked from the admin user management (/admin/users) (1015ms)
    [32m✔[39m student is blocked from the admin schedule (/admin/schedule) (1026ms)
    [32m✔[39m student is blocked from the professor course list (/professor/courses) (1103ms)
    [32m✔[39m student is blocked from the professor schedule (/professor/schedule) (1074ms)


  42 passing (4m)


--- stderr ---
npm notice run selenium-masters-thesis-code@1.0.0 test
npm notice run mocha
