--- stdout ---


  Admin course content management
    [32m✔[39m creates a new content item (494ms)
    [32m✔[39m edits an existing content item (676ms)
    1) deletes a content item
    [32m✔[39m toggles publish status on a content item (563ms)

  Admin course management
    [32m✔[39m lists seeded courses
    [32m✔[39m creates a new course (247ms)
    [32m✔[39m edits an existing course (409ms)
    [32m✔[39m deletes a course (289ms)

  Admin schedule management
    [32m✔[39m creates a new schedule entry (287ms)
    [32m✔[39m edits an existing schedule entry (360ms)
    [32m✔[39m deletes a schedule entry (318ms)

  Admin user management
    [32m✔[39m creates a new user (397ms)
    [32m✔[39m edits an existing user (662ms)
    [32m✔[39m deletes a user (543ms)
    [32m✔[39m filters the user list by role (134ms)

  Professor course content management
    [32m✔[39m creates a new content item (486ms)
    2) edits an existing content item
    [32m✔[39m deletes a content item via the confirm modal (594ms)
    [32m✔[39m toggles publish status on a content item (446ms)

  Professor course list
    [32m✔[39m shows only courses the professor teaches
    [32m✔[39m redirects with an unauthorized error when accessing another professor's roster (170ms)

  Professor grading
    [32m✔[39m shows a pre-seeded grade for a still-active enrollment (160ms)
    [32m✔[39m grading a student completes their enrollment and removes them from the active roster (309ms)
    [32m✔[39m exports the course roster as a CSV download (423ms)

  Login page
    [32m✔[39m shows username, password, and submit fields
    [32m✔[39m shows an error on invalid credentials (407ms)
    [32m✔[39m redirects an unauthenticated visit to a protected route to /login

  Language switching
    [32m✔[39m admin sees the dashboard translated in all 3 supported languages (1099ms)
    [32m✔[39m mkrmpotic sees the dashboard translated in all 3 supported languages (1059ms)
    [32m✔[39m sivanovic sees the dashboard translated in all 3 supported languages (1119ms)

  Language persistence
    [32m✔[39m locale persists across navigation without a ?lang= param (1119ms)

  Content-bearing page localization
    [32m✔[39m admin sees the course list page translated (1126ms)
    [32m✔[39m student sees the course materials page translated (1338ms)

  Student course content viewing
    [32m✔[39m admin publishes content, then a student can view it (1290ms)

  Student course enrollment
    [32m✔[39m can enroll in an available course (423ms)
    [32m✔[39m can drop an enrolled course (203ms)

  Student permissions
    [32m✔[39m student is blocked from the admin dashboard (/admin/dashboard) (985ms)
    [32m✔[39m student is blocked from the admin course list (/admin/courses) (1042ms)
    [32m✔[39m student is blocked from the admin user management (/admin/users) (1143ms)
    [32m✔[39m student is blocked from the admin schedule (/admin/schedule) (939ms)
    [32m✔[39m student is blocked from the professor course list (/professor/courses) (1165ms)
    [32m✔[39m student is blocked from the professor schedule (/professor/schedule) (946ms)


  40 passing (5m)
  2 failing

  1) Admin course content management
       deletes a content item:
     TimeoutError: Waiting for element to be located By(css selector, [data-testid="create-content-button"])
Wait timed out after 20161ms
      at C:\Users\Matej\Desktop\Algebra\Diplomski\Selenium-masters-thesis-code\node_modules\selenium-webdriver\lib\webdriver.js:938:22
      at processTicksAndRejections (node:internal/process/task_queues:104:5)

  2) Professor course content management
       edits an existing content item:
     TimeoutError: Waiting for element to be located By(css selector, [data-testid="create-content-button"])
Wait timed out after 20118ms
      at C:\Users\Matej\Desktop\Algebra\Diplomski\Selenium-masters-thesis-code\node_modules\selenium-webdriver\lib\webdriver.js:938:22
      at processTicksAndRejections (node:internal/process/task_queues:104:5)




--- stderr ---
npm notice run selenium-masters-thesis-code@1.0.0 test
npm notice run mocha
