--- stdout ---


  Admin course content management
    [32m✔[39m creates a new content item (505ms)
    [32m✔[39m edits an existing content item (485ms)
    [32m✔[39m deletes a content item (422ms)
    [32m✔[39m toggles publish status on a content item (531ms)

  Admin course management
    [32m✔[39m lists seeded courses
    [32m✔[39m creates a new course (292ms)
    [32m✔[39m edits an existing course (425ms)
    [32m✔[39m deletes a course (346ms)

  Admin schedule management
    [32m✔[39m creates a new schedule entry (271ms)
    [32m✔[39m edits an existing schedule entry (444ms)
    [32m✔[39m deletes a schedule entry (300ms)

  Admin user management
    [32m✔[39m creates a new user (444ms)
    [32m✔[39m edits an existing user (741ms)
    [32m✔[39m deletes a user (610ms)
    [32m✔[39m filters the user list by role (212ms)

  Professor course content management
    [32m✔[39m creates a new content item (444ms)
    [32m✔[39m edits an existing content item (524ms)
    [32m✔[39m deletes a content item via the confirm modal (634ms)
    [32m✔[39m toggles publish status on a content item (527ms)

  Professor course list
    [32m✔[39m shows only courses the professor teaches
    [32m✔[39m redirects with an unauthorized error when accessing another professor's roster (136ms)

  Professor grading
    [32m✔[39m shows a pre-seeded grade for a still-active enrollment (268ms)
    [32m✔[39m grading a student completes their enrollment and removes them from the active roster (397ms)
    [32m✔[39m exports the course roster as a CSV download (549ms)

  Login page
    [32m✔[39m shows username, password, and submit fields
    [32m✔[39m shows an error on invalid credentials (385ms)
    [32m✔[39m redirects an unauthenticated visit to a protected route to /login

  Language switching
    [32m✔[39m admin sees the dashboard translated in all 3 supported languages (1086ms)
    [32m✔[39m mkrmpotic sees the dashboard translated in all 3 supported languages (1148ms)
    [32m✔[39m sivanovic sees the dashboard translated in all 3 supported languages (1115ms)

  Language persistence
    [32m✔[39m locale persists across navigation without a ?lang= param (1246ms)

  Content-bearing page localization
    [32m✔[39m admin sees the course list page translated (1160ms)
    [32m✔[39m student sees the course materials page translated (1333ms)

  Student course content viewing
    [32m✔[39m admin publishes content, then a student can view it (1525ms)

  Student course enrollment
    [32m✔[39m can enroll in an available course (227ms)
    [32m✔[39m can drop an enrolled course (187ms)

  Student permissions
    [32m✔[39m student is blocked from the admin dashboard (/admin/dashboard) (1031ms)
    [32m✔[39m student is blocked from the admin course list (/admin/courses) (955ms)
    [32m✔[39m student is blocked from the admin user management (/admin/users) (1101ms)
    [32m✔[39m student is blocked from the admin schedule (/admin/schedule) (1004ms)
    [32m✔[39m student is blocked from the professor course list (/professor/courses) (1068ms)
    [32m✔[39m student is blocked from the professor schedule (/professor/schedule) (909ms)


  42 passing (6m)


--- stderr ---
npm notice run selenium-masters-thesis-code@1.0.0 test
npm notice run mocha
