--- stdout ---


  Admin course content management
    [32m✔[39m creates a new content item (530ms)
    [32m✔[39m edits an existing content item (677ms)
    [32m✔[39m deletes a content item (589ms)
    [32m✔[39m toggles publish status on a content item (517ms)

  Admin course management
    [32m✔[39m lists seeded courses
    [32m✔[39m creates a new course (268ms)
    [32m✔[39m edits an existing course (432ms)
    [32m✔[39m deletes a course (357ms)

  Admin schedule management
    [32m✔[39m creates a new schedule entry (262ms)
    [32m✔[39m edits an existing schedule entry (411ms)
    [32m✔[39m deletes a schedule entry (425ms)

  Admin user management
    [32m✔[39m creates a new user (405ms)
    [32m✔[39m edits an existing user (604ms)
    [32m✔[39m deletes a user (645ms)
    [32m✔[39m filters the user list by role (198ms)

  Professor course content management
    [32m✔[39m creates a new content item (458ms)
    [32m✔[39m edits an existing content item (450ms)
    [32m✔[39m deletes a content item via the confirm modal (624ms)
    [32m✔[39m toggles publish status on a content item (457ms)

  Professor course list
    [32m✔[39m shows only courses the professor teaches
    [32m✔[39m redirects with an unauthorized error when accessing another professor's roster (87ms)

  Professor grading
    [32m✔[39m shows a pre-seeded grade for a still-active enrollment (203ms)
    1) grading a student completes their enrollment and removes them from the active roster
    [32m✔[39m exports the course roster as a CSV download (383ms)

  Login page
    [32m✔[39m shows username, password, and submit fields
    [32m✔[39m shows an error on invalid credentials (167ms)
    [32m✔[39m redirects an unauthenticated visit to a protected route to /login

  Language switching
    [32m✔[39m admin sees the dashboard translated in all 3 supported languages (1209ms)
    [32m✔[39m mkrmpotic sees the dashboard translated in all 3 supported languages (1125ms)
    [32m✔[39m sivanovic sees the dashboard translated in all 3 supported languages (1093ms)

  Language persistence
    [32m✔[39m locale persists across navigation without a ?lang= param (1220ms)

  Content-bearing page localization
    [32m✔[39m admin sees the course list page translated (1132ms)
    [32m✔[39m student sees the course materials page translated (1411ms)

  Student course content viewing
    [32m✔[39m admin publishes content, then a student can view it (1551ms)

  Student course enrollment
    [32m✔[39m can enroll in an available course (217ms)
    [32m✔[39m can drop an enrolled course (234ms)

  Student permissions
    [32m✔[39m student is blocked from the admin dashboard (/admin/dashboard) (1006ms)
    [32m✔[39m student is blocked from the admin course list (/admin/courses) (1019ms)
    [32m✔[39m student is blocked from the admin user management (/admin/users) (1080ms)
    [32m✔[39m student is blocked from the admin schedule (/admin/schedule) (1045ms)
    [32m✔[39m student is blocked from the professor course list (/professor/courses) (960ms)
    [32m✔[39m student is blocked from the professor schedule (/professor/schedule) (1016ms)


  41 passing (5m)
  1 failing

  1) Professor grading
       grading a student completes their enrollment and removes them from the active roster:
     TimeoutError: Waiting for element to be located By(xpath, //tr[td/span[normalize-space()="CS101"]])
Wait timed out after 20197ms
      at C:\Users\Matej\Desktop\Algebra\Diplomski\Selenium-masters-thesis-code\node_modules\selenium-webdriver\lib\webdriver.js:938:22
      at processTicksAndRejections (node:internal/process/task_queues:104:5)




--- stderr ---
npm notice run selenium-masters-thesis-code@1.0.0 test
npm notice run mocha
