--- stdout ---


  Admin course content management
    [32m✔[39m creates a new content item (434ms)
    [32m✔[39m edits an existing content item (818ms)
    [32m✔[39m deletes a content item (465ms)
    [32m✔[39m toggles publish status on a content item (491ms)

  Admin course management
    [32m✔[39m lists seeded courses
    [32m✔[39m creates a new course (259ms)
    [32m✔[39m edits an existing course (430ms)
    [32m✔[39m deletes a course (340ms)

  Admin schedule management
    [32m✔[39m creates a new schedule entry (282ms)
    [32m✔[39m edits an existing schedule entry (431ms)
    [32m✔[39m deletes a schedule entry (382ms)

  Admin user management
    [32m✔[39m creates a new user (443ms)
    [32m✔[39m edits an existing user (689ms)
    [32m✔[39m deletes a user (529ms)
    [32m✔[39m filters the user list by role (159ms)

  Professor course content management
    [32m✔[39m creates a new content item (568ms)
    [32m✔[39m edits an existing content item (553ms)
    [32m✔[39m deletes a content item via the confirm modal (600ms)
    [32m✔[39m toggles publish status on a content item (588ms)

  Professor course list
    [32m✔[39m shows only courses the professor teaches
    [32m✔[39m redirects with an unauthorized error when accessing another professor's roster (122ms)

  Professor grading
    [32m✔[39m shows a pre-seeded grade for a still-active enrollment (243ms)
    [32m✔[39m grading a student completes their enrollment and removes them from the active roster (242ms)
    [32m✔[39m exports the course roster as a CSV download (387ms)

  Login page
    [32m✔[39m shows username, password, and submit fields
    [32m✔[39m shows an error on invalid credentials (370ms)
    [32m✔[39m redirects an unauthenticated visit to a protected route to /login

  Language switching
    [32m✔[39m admin sees the dashboard translated in all 3 supported languages (1104ms)
    [32m✔[39m mkrmpotic sees the dashboard translated in all 3 supported languages (1108ms)
    [32m✔[39m sivanovic sees the dashboard translated in all 3 supported languages (1243ms)

  Language persistence
    [32m✔[39m locale persists across navigation without a ?lang= param (1123ms)

  Content-bearing page localization
    [32m✔[39m admin sees the course list page translated (1306ms)
    [32m✔[39m student sees the course materials page translated (1237ms)

  Student course content viewing
    [32m✔[39m admin publishes content, then a student can view it (1398ms)

  Student course enrollment
    [32m✔[39m can enroll in an available course (220ms)
    [32m✔[39m can drop an enrolled course (256ms)

  Student permissions
    [32m✔[39m student is blocked from the admin dashboard (/admin/dashboard) (956ms)
    [32m✔[39m student is blocked from the admin course list (/admin/courses) (952ms)
    [32m✔[39m student is blocked from the admin user management (/admin/users) (986ms)
    [32m✔[39m student is blocked from the admin schedule (/admin/schedule) (1046ms)
    [32m✔[39m student is blocked from the professor course list (/professor/courses) (994ms)
    [32m✔[39m student is blocked from the professor schedule (/professor/schedule) (1027ms)


  42 passing (5m)


--- stderr ---
npm notice run selenium-masters-thesis-code@1.0.0 test
npm notice run mocha
