--- stdout ---


  Admin course content management
    [32m✔[39m creates a new content item (510ms)
    [32m✔[39m edits an existing content item (563ms)
    [32m✔[39m deletes a content item (466ms)
    [32m✔[39m toggles publish status on a content item (721ms)

  Admin course management
    [32m✔[39m lists seeded courses
    [32m✔[39m creates a new course (279ms)
    [32m✔[39m edits an existing course (403ms)
    [32m✔[39m deletes a course (314ms)

  Admin schedule management
    [32m✔[39m creates a new schedule entry (251ms)
    [32m✔[39m edits an existing schedule entry (406ms)
    [32m✔[39m deletes a schedule entry (342ms)

  Admin user management
    [32m✔[39m creates a new user (397ms)
    [32m✔[39m edits an existing user (671ms)
    [32m✔[39m deletes a user (460ms)
    [32m✔[39m filters the user list by role (218ms)

  Professor course content management
    [32m✔[39m creates a new content item (357ms)
    [32m✔[39m edits an existing content item (493ms)
    [32m✔[39m deletes a content item via the confirm modal (701ms)
    [32m✔[39m toggles publish status on a content item (416ms)

  Professor course list
    [32m✔[39m shows only courses the professor teaches
    [32m✔[39m redirects with an unauthorized error when accessing another professor's roster (69ms)

  Professor grading
    [32m✔[39m shows a pre-seeded grade for a still-active enrollment (175ms)
    [32m✔[39m grading a student completes their enrollment and removes them from the active roster (243ms)
    [32m✔[39m exports the course roster as a CSV download (421ms)

  Login page
    [32m✔[39m shows username, password, and submit fields
    [32m✔[39m shows an error on invalid credentials (166ms)
    [32m✔[39m redirects an unauthenticated visit to a protected route to /login

  Language switching
    [32m✔[39m admin sees the dashboard translated in all 3 supported languages (1096ms)
    [32m✔[39m mkrmpotic sees the dashboard translated in all 3 supported languages (1187ms)
    [32m✔[39m sivanovic sees the dashboard translated in all 3 supported languages (1237ms)

  Language persistence
    [32m✔[39m locale persists across navigation without a ?lang= param (1204ms)

  Content-bearing page localization
    [32m✔[39m admin sees the course list page translated (1140ms)
    [32m✔[39m student sees the course materials page translated (1227ms)

  Student course content viewing
    [32m✔[39m admin publishes content, then a student can view it (1558ms)

  Student course enrollment
    [32m✔[39m can enroll in an available course (214ms)
    [32m✔[39m can drop an enrolled course (190ms)

  Student permissions
    [32m✔[39m student is blocked from the admin dashboard (/admin/dashboard) (1078ms)
    [32m✔[39m student is blocked from the admin course list (/admin/courses) (1028ms)
    [32m✔[39m student is blocked from the admin user management (/admin/users) (1043ms)
    [32m✔[39m student is blocked from the admin schedule (/admin/schedule) (932ms)
    [32m✔[39m student is blocked from the professor course list (/professor/courses) (968ms)
    [32m✔[39m student is blocked from the professor schedule (/professor/schedule) (994ms)


  42 passing (6m)


--- stderr ---
npm notice run selenium-masters-thesis-code@1.0.0 test
npm notice run mocha
