--- stdout ---

[0m[0m
[0m  Admin course content management[0m
  [32m  [32m✔[39m[0m[90m creates a new content item[0m[31m (518ms)[0m
  [32m  [32m✔[39m[0m[90m edits an existing content item[0m[31m (553ms)[0m
  [32m  [32m✔[39m[0m[90m deletes a content item[0m[31m (403ms)[0m
  [31m  1) toggles publish status on a content item[0m

[0m  Admin course management[0m
  [32m  [32m✔[39m[0m[90m lists seeded courses[0m
  [32m  [32m✔[39m[0m[90m creates a new course[0m[31m (259ms)[0m
  [32m  [32m✔[39m[0m[90m edits an existing course[0m[31m (487ms)[0m
  [32m  [32m✔[39m[0m[90m deletes a course[0m[31m (354ms)[0m

[0m  Admin schedule management[0m
  [32m  [32m✔[39m[0m[90m creates a new schedule entry[0m[31m (266ms)[0m
  [32m  [32m✔[39m[0m[90m edits an existing schedule entry[0m[31m (403ms)[0m
  [32m  [32m✔[39m[0m[90m deletes a schedule entry[0m[31m (330ms)[0m

[0m  Admin user management[0m
  [32m  [32m✔[39m[0m[90m creates a new user[0m[31m (418ms)[0m
  [32m  [32m✔[39m[0m[90m edits an existing user[0m[31m (554ms)[0m
  [32m  [32m✔[39m[0m[90m deletes a user[0m[31m (565ms)[0m
  [32m  [32m✔[39m[0m[90m filters the user list by role[0m[31m (194ms)[0m

[0m  Professor course content management[0m
  [32m  [32m✔[39m[0m[90m creates a new content item[0m[31m (454ms)[0m
  [32m  [32m✔[39m[0m[90m edits an existing content item[0m[31m (496ms)[0m
  [32m  [32m✔[39m[0m[90m deletes a content item via the confirm modal[0m[31m (714ms)[0m
  [32m  [32m✔[39m[0m[90m toggles publish status on a content item[0m[31m (461ms)[0m

[0m  Professor course list[0m
  [32m  [32m✔[39m[0m[90m shows only courses the professor teaches[0m
  [32m  [32m✔[39m[0m[90m redirects with an unauthorized error when accessing another professor's roster[0m

[0m  Professor grading[0m
  [32m  [32m✔[39m[0m[90m shows a pre-seeded grade for a still-active enrollment[0m[31m (154ms)[0m
  [32m  [32m✔[39m[0m[90m grading a student completes their enrollment and removes them from the active roster[0m[31m (245ms)[0m
  [32m  [32m✔[39m[0m[90m exports the course roster as a CSV download[0m[31m (384ms)[0m

[0m  Login page[0m
  [32m  [32m✔[39m[0m[90m shows username, password, and submit fields[0m
  [32m  [32m✔[39m[0m[90m shows an error on invalid credentials[0m[31m (153ms)[0m
  [32m  [32m✔[39m[0m[90m redirects an unauthenticated visit to a protected route to /login[0m

[0m  Language switching[0m
  [32m  [32m✔[39m[0m[90m admin sees the dashboard translated in all 3 supported languages[0m[31m (1072ms)[0m
  [32m  [32m✔[39m[0m[90m mkrmpotic sees the dashboard translated in all 3 supported languages[0m[31m (1046ms)[0m
  [32m  [32m✔[39m[0m[90m sivanovic sees the dashboard translated in all 3 supported languages[0m[31m (1049ms)[0m

[0m  Language persistence[0m
  [32m  [32m✔[39m[0m[90m locale persists across navigation without a ?lang= param[0m[31m (1040ms)[0m

[0m  Content-bearing page localization[0m
  [32m  [32m✔[39m[0m[90m admin sees the course list page translated[0m[31m (1167ms)[0m
  [32m  [32m✔[39m[0m[90m student sees the course materials page translated[0m[31m (1401ms)[0m

[0m  Student course content viewing[0m
  [32m  [32m✔[39m[0m[90m admin publishes content, then a student can view it[0m[31m (1310ms)[0m

[0m  Student course enrollment[0m
  [31m  2) can enroll in an available course[0m
  [32m  [32m✔[39m[0m[90m can drop an enrolled course[0m[31m (264ms)[0m

[0m  Student permissions[0m
  [32m  [32m✔[39m[0m[90m student is blocked from the admin dashboard (/admin/dashboard)[0m[31m (953ms)[0m
  [32m  [32m✔[39m[0m[90m student is blocked from the admin course list (/admin/courses)[0m[31m (939ms)[0m
  [32m  [32m✔[39m[0m[90m student is blocked from the admin user management (/admin/users)[0m[31m (948ms)[0m
  [32m  [32m✔[39m[0m[90m student is blocked from the admin schedule (/admin/schedule)[0m[31m (946ms)[0m
  [32m  [32m✔[39m[0m[90m student is blocked from the professor course list (/professor/courses)[0m[31m (1044ms)[0m
  [32m  [32m✔[39m[0m[90m student is blocked from the professor schedule (/professor/schedule)[0m[31m (928ms)[0m


[92m [0m[32m 40 passing[0m[90m (7m)[0m
[31m  2 failing[0m

[0m  1) Admin course content management
       toggles publish status on a content item:
[0m[31m     TimeoutError: Waiting for element to be located By(css selector, [data-testid="create-content-button"])
Wait timed out after 15195ms[0m[90m
      at C:\Users\Matej\Desktop\Algebra\Diplomski\Selenium-masters-thesis-code\node_modules\selenium-webdriver\lib\webdriver.js:938:22
      at processTicksAndRejections (node:internal/process/task_queues:104:5)
[0m
[0m  2) Student course enrollment
       can enroll in an available course:
[0m[31m     TimeoutError: Waiting for element to be located By(xpath, //tr[td/strong[normalize-space()="PHY201"]])
Wait timed out after 15137ms[0m[90m
      at C:\Users\Matej\Desktop\Algebra\Diplomski\Selenium-masters-thesis-code\node_modules\selenium-webdriver\lib\webdriver.js:938:22
      at processTicksAndRejections (node:internal/process/task_queues:104:5)
[0m



--- stderr ---
npm notice run selenium-masters-thesis-code@1.0.0 test
npm notice run mocha
