--- stdout ---


  Admin course content management
    [32m✔[39m creates a new content item (898ms)
    [32m✔[39m edits an existing content item (543ms)
    [32m✔[39m deletes a content item (391ms)
    [32m✔[39m toggles publish status on a content item (454ms)

  Admin course management
    [32m✔[39m lists seeded courses
    [32m✔[39m creates a new course (293ms)
    [32m✔[39m edits an existing course (380ms)
    [32m✔[39m deletes a course (324ms)

  Admin schedule management
    [32m✔[39m creates a new schedule entry (262ms)
    [32m✔[39m edits an existing schedule entry (411ms)
    [32m✔[39m deletes a schedule entry (405ms)

  Admin user management
    [32m✔[39m creates a new user (474ms)
    [32m✔[39m edits an existing user (800ms)
    [32m✔[39m deletes a user (577ms)
    [32m✔[39m filters the user list by role (206ms)

  Professor course content management
    [32m✔[39m creates a new content item (580ms)
    [32m✔[39m edits an existing content item (508ms)
    [32m✔[39m deletes a content item via the confirm modal (693ms)
    [32m✔[39m toggles publish status on a content item (413ms)

  Professor course list
    1) shows only courses the professor teaches
    [32m✔[39m redirects with an unauthorized error when accessing another professor's roster (38ms)

  Professor grading
    [32m✔[39m shows a pre-seeded grade for a still-active enrollment (242ms)
    [32m✔[39m grading a student completes their enrollment and removes them from the active roster (288ms)
    [32m✔[39m exports the course roster as a CSV download (445ms)

  Login page
    [32m✔[39m shows username, password, and submit fields
    [32m✔[39m shows an error on invalid credentials (372ms)
    [32m✔[39m redirects an unauthenticated visit to a protected route to /login (45ms)

  Language switching
    [32m✔[39m admin sees the dashboard translated in all 3 supported languages (1217ms)
    [32m✔[39m mkrmpotic sees the dashboard translated in all 3 supported languages (1241ms)
    [32m✔[39m sivanovic sees the dashboard translated in all 3 supported languages (1100ms)

  Language persistence
    [32m✔[39m locale persists across navigation without a ?lang= param (1061ms)

  Content-bearing page localization
    [32m✔[39m admin sees the course list page translated (1233ms)
    [32m✔[39m student sees the course materials page translated (1479ms)

  Student course content viewing
    [32m✔[39m admin publishes content, then a student can view it (1583ms)

  Student course enrollment
    [32m✔[39m can enroll in an available course (259ms)
    [32m✔[39m can drop an enrolled course (302ms)

  Student permissions
    [32m✔[39m student is blocked from the admin dashboard (/admin/dashboard) (1012ms)
    [32m✔[39m student is blocked from the admin course list (/admin/courses) (1033ms)
    [32m✔[39m student is blocked from the admin user management (/admin/users) (1002ms)
    [32m✔[39m student is blocked from the admin schedule (/admin/schedule) (1041ms)
    [32m✔[39m student is blocked from the professor course list (/professor/courses) (1023ms)
    [32m✔[39m student is blocked from the professor schedule (/professor/schedule) (1013ms)


  41 passing (5m)
  1 failing

  1) Professor course list
       shows only courses the professor teaches:
     TimeoutError: Waiting for element to be located By(xpath, //tr[td/span[normalize-space()="CS101"]])
Wait timed out after 20079ms
      at C:\Users\Matej\Desktop\Algebra\Diplomski\Selenium-masters-thesis-code\node_modules\selenium-webdriver\lib\webdriver.js:938:22
      at processTicksAndRejections (node:internal/process/task_queues:104:5)




--- stderr ---
npm notice run selenium-masters-thesis-code@1.0.0 test
npm notice run mocha
