--- stdout ---


  Admin course content management
    [32m✔[39m creates a new content item (818ms)
    [32m✔[39m edits an existing content item (636ms)
    [32m✔[39m deletes a content item (519ms)
    [32m✔[39m toggles publish status on a content item (507ms)

  Admin course management
    [32m✔[39m lists seeded courses
    [32m✔[39m creates a new course (235ms)
    [32m✔[39m edits an existing course (375ms)
    [32m✔[39m deletes a course (325ms)

  Admin schedule management
    [32m✔[39m creates a new schedule entry (330ms)
    [32m✔[39m edits an existing schedule entry (376ms)
    [32m✔[39m deletes a schedule entry (396ms)

  Admin user management
    [32m✔[39m creates a new user (387ms)
    [32m✔[39m edits an existing user (599ms)
    [32m✔[39m deletes a user (468ms)
    [32m✔[39m filters the user list by role (207ms)

  Professor course content management
    [32m✔[39m creates a new content item (351ms)
    [32m✔[39m edits an existing content item (453ms)
    [32m✔[39m deletes a content item via the confirm modal (597ms)
    [32m✔[39m toggles publish status on a content item (428ms)

  Professor course list
    [32m✔[39m shows only courses the professor teaches
    [32m✔[39m redirects with an unauthorized error when accessing another professor's roster (91ms)

  Professor grading
    [32m✔[39m shows a pre-seeded grade for a still-active enrollment (206ms)
    [32m✔[39m grading a student completes their enrollment and removes them from the active roster (283ms)
    [32m✔[39m exports the course roster as a CSV download (456ms)

  Login page
    [32m✔[39m shows username, password, and submit fields
    [32m✔[39m shows an error on invalid credentials (173ms)
    [32m✔[39m redirects an unauthenticated visit to a protected route to /login

  Language switching
    [32m✔[39m admin sees the dashboard translated in all 3 supported languages (1160ms)
    [32m✔[39m mkrmpotic sees the dashboard translated in all 3 supported languages (1309ms)
    [32m✔[39m sivanovic sees the dashboard translated in all 3 supported languages (1191ms)

  Language persistence
    [32m✔[39m locale persists across navigation without a ?lang= param (1288ms)

  Content-bearing page localization
    [32m✔[39m admin sees the course list page translated (1108ms)
    [32m✔[39m student sees the course materials page translated (1208ms)

  Student course content viewing
    [32m✔[39m admin publishes content, then a student can view it (1295ms)

  Student course enrollment
    [32m✔[39m can enroll in an available course (207ms)
    [32m✔[39m can drop an enrolled course (275ms)

  Student permissions
    [32m✔[39m student is blocked from the admin dashboard (/admin/dashboard) (985ms)
    [32m✔[39m student is blocked from the admin course list (/admin/courses) (1021ms)
    [32m✔[39m student is blocked from the admin user management (/admin/users) (1028ms)
    [32m✔[39m student is blocked from the admin schedule (/admin/schedule) (1028ms)
    [32m✔[39m student is blocked from the professor course list (/professor/courses) (945ms)
    [32m✔[39m student is blocked from the professor schedule (/professor/schedule) (975ms)


  42 passing (4m)


--- stderr ---
npm notice run selenium-masters-thesis-code@1.0.0 test
npm notice run mocha
