--- stdout ---


  Admin course content management
    [32m✔[39m creates a new content item (469ms)
    [32m✔[39m edits an existing content item (531ms)
    [32m✔[39m deletes a content item (561ms)
    [32m✔[39m toggles publish status on a content item (557ms)

  Admin course management
    [32m✔[39m lists seeded courses
    [32m✔[39m creates a new course (292ms)
    [32m✔[39m edits an existing course (435ms)
    [32m✔[39m deletes a course (361ms)

  Admin schedule management
    [32m✔[39m creates a new schedule entry (277ms)
    [32m✔[39m edits an existing schedule entry (395ms)
    [32m✔[39m deletes a schedule entry (346ms)

  Admin user management
    [32m✔[39m creates a new user (429ms)
    1) edits an existing user
    [32m✔[39m deletes a user (553ms)
    [32m✔[39m filters the user list by role (242ms)

  Professor course content management
    [32m✔[39m creates a new content item (349ms)
    [32m✔[39m edits an existing content item (441ms)
    [32m✔[39m deletes a content item via the confirm modal (569ms)
    [32m✔[39m toggles publish status on a content item (499ms)

  Professor course list
    [32m✔[39m shows only courses the professor teaches
    [32m✔[39m redirects with an unauthorized error when accessing another professor's roster (43ms)

  Professor grading
    [32m✔[39m shows a pre-seeded grade for a still-active enrollment (160ms)
    [32m✔[39m grading a student completes their enrollment and removes them from the active roster (312ms)
    [32m✔[39m exports the course roster as a CSV download (473ms)

  Login page
    [32m✔[39m shows username, password, and submit fields
    [32m✔[39m shows an error on invalid credentials (182ms)
    [32m✔[39m redirects an unauthenticated visit to a protected route to /login

  Language switching
    [32m✔[39m admin sees the dashboard translated in all 3 supported languages (1079ms)
    [32m✔[39m mkrmpotic sees the dashboard translated in all 3 supported languages (1151ms)
    [32m✔[39m sivanovic sees the dashboard translated in all 3 supported languages (1125ms)

  Language persistence
    [32m✔[39m locale persists across navigation without a ?lang= param (1223ms)

  Content-bearing page localization
    [32m✔[39m admin sees the course list page translated (1132ms)
    [32m✔[39m student sees the course materials page translated (1221ms)

  Student course content viewing
    [32m✔[39m admin publishes content, then a student can view it (1330ms)

  Student course enrollment
    [32m✔[39m can enroll in an available course (313ms)
    [32m✔[39m can drop an enrolled course (313ms)

  Student permissions
    [32m✔[39m student is blocked from the admin dashboard (/admin/dashboard) (1006ms)
    2) student is blocked from the admin course list (/admin/courses)
    [32m✔[39m student is blocked from the admin user management (/admin/users) (1024ms)
    [32m✔[39m student is blocked from the admin schedule (/admin/schedule) (1056ms)
    [32m✔[39m student is blocked from the professor course list (/professor/courses) (982ms)
    [32m✔[39m student is blocked from the professor schedule (/professor/schedule) (898ms)


  40 passing (5m)
  2 failing

  1) Admin user management
       edits an existing user:
     TimeoutError: Waiting for element to be located By(css selector, [data-testid="create-user-button"])
Wait timed out after 20022ms
      at C:\Users\Matej\Desktop\Algebra\Diplomski\Selenium-masters-thesis-code\node_modules\selenium-webdriver\lib\webdriver.js:938:22
      at processTicksAndRejections (node:internal/process/task_queues:104:5)

  2) Student permissions
       student is blocked from the admin course list (/admin/courses):
     TimeoutError: Waiting for element to be located By(xpath, //h2[normalize-space()="Access Denied"])
Wait timed out after 15098ms
      at C:\Users\Matej\Desktop\Algebra\Diplomski\Selenium-masters-thesis-code\node_modules\selenium-webdriver\lib\webdriver.js:938:22
      at processTicksAndRejections (node:internal/process/task_queues:104:5)




--- stderr ---
npm notice run selenium-masters-thesis-code@1.0.0 test
npm notice run mocha
