--- stdout ---


  Admin course content management
    [32m✔[39m creates a new content item (828ms)
    [32m✔[39m edits an existing content item (538ms)
    [32m✔[39m deletes a content item (441ms)
    [32m✔[39m toggles publish status on a content item (447ms)

  Admin course management
    [32m✔[39m lists seeded courses
    [32m✔[39m creates a new course (262ms)
    [32m✔[39m edits an existing course (444ms)
    [32m✔[39m deletes a course (283ms)

  Admin schedule management
    [32m✔[39m creates a new schedule entry (290ms)
    [32m✔[39m edits an existing schedule entry (593ms)
    [32m✔[39m deletes a schedule entry (522ms)

  Admin user management
    [32m✔[39m creates a new user (416ms)
    [32m✔[39m edits an existing user (601ms)
    [32m✔[39m deletes a user (551ms)
    [32m✔[39m filters the user list by role (136ms)

  Professor course content management
    [32m✔[39m creates a new content item (327ms)
    [32m✔[39m edits an existing content item (611ms)
    [32m✔[39m deletes a content item via the confirm modal (669ms)
    [32m✔[39m toggles publish status on a content item (429ms)

  Professor course list
    [32m✔[39m shows only courses the professor teaches
    [32m✔[39m redirects with an unauthorized error when accessing another professor's roster (68ms)

  Professor grading
    [32m✔[39m shows a pre-seeded grade for a still-active enrollment (193ms)
    [32m✔[39m grading a student completes their enrollment and removes them from the active roster (468ms)
    [32m✔[39m exports the course roster as a CSV download (425ms)

  Login page
    [32m✔[39m shows username, password, and submit fields
    [32m✔[39m shows an error on invalid credentials (159ms)
    [32m✔[39m redirects an unauthenticated visit to a protected route to /login

  Language switching
    [32m✔[39m admin sees the dashboard translated in all 3 supported languages (1408ms)
    [32m✔[39m mkrmpotic sees the dashboard translated in all 3 supported languages (1119ms)
    [32m✔[39m sivanovic sees the dashboard translated in all 3 supported languages (1113ms)

  Language persistence
    [32m✔[39m locale persists across navigation without a ?lang= param (1091ms)

  Content-bearing page localization
    [32m✔[39m admin sees the course list page translated (1175ms)
    [32m✔[39m student sees the course materials page translated (1214ms)

  Student course content viewing
    [32m✔[39m admin publishes content, then a student can view it (1175ms)

  Student course enrollment
    [32m✔[39m can enroll in an available course (223ms)
    [32m✔[39m can drop an enrolled course (336ms)

  Student permissions
    [32m✔[39m student is blocked from the admin dashboard (/admin/dashboard) (938ms)
    [32m✔[39m student is blocked from the admin course list (/admin/courses) (1050ms)
    [32m✔[39m student is blocked from the admin user management (/admin/users) (992ms)
    [32m✔[39m student is blocked from the admin schedule (/admin/schedule) (1126ms)
    [32m✔[39m student is blocked from the professor course list (/professor/courses) (1062ms)
    1) student is blocked from the professor schedule (/professor/schedule)


  41 passing (6m)
  1 failing

  1) Student permissions
       student is blocked from the professor schedule (/professor/schedule):
     TimeoutError: Waiting for element to be located By(xpath, //h2[normalize-space()="Access Denied"])
Wait timed out after 15092ms
      at C:\Users\Matej\Desktop\Algebra\Diplomski\Selenium-masters-thesis-code\node_modules\selenium-webdriver\lib\webdriver.js:938:22
      at processTicksAndRejections (node:internal/process/task_queues:104:5)




--- stderr ---
npm notice run selenium-masters-thesis-code@1.0.0 test
npm notice run mocha
