=== Invocation 1: node benchmark/h1-execution-speed/run.js 5 (5 rounds / 10 runs) ===
Running 5 rounds (10 total runs), alternating order.

[2026-09-05T15:13:40.980Z] restarting container before playwright run...
uni-course-management
[2026-09-05T15:13:50.060Z] running playwright suite...
[2026-09-05T15:14:38.695Z] playwright: 48633ms, exit 0

[2026-09-05T15:14:38.696Z] restarting container before selenium run...
uni-course-management
[2026-09-05T15:14:47.658Z] running selenium suite...
[2026-09-05T15:20:16.178Z] selenium: 328519ms, exit 1

[2026-09-05T15:20:16.179Z] restarting container before selenium run...
uni-course-management
[2026-09-05T15:20:25.184Z] running selenium suite...
[2026-09-05T15:26:32.203Z] selenium: 367018ms, exit 3

[2026-09-05T15:26:32.203Z] restarting container before playwright run...
uni-course-management
[2026-09-05T15:26:41.072Z] running playwright suite...
[2026-09-05T15:27:15.502Z] playwright: 34428ms, exit 0

[2026-09-05T15:27:15.502Z] restarting container before playwright run...
uni-course-management
[2026-09-05T15:27:24.479Z] running playwright suite...
[2026-09-05T15:27:56.041Z] playwright: 31561ms, exit 0

[2026-09-05T15:27:56.041Z] restarting container before selenium run...
uni-course-management
[2026-09-05T15:28:04.969Z] running selenium suite...
[2026-09-05T15:34:03.645Z] selenium: 358675ms, exit 2

[2026-09-05T15:34:03.645Z] restarting container before selenium run...
uni-course-management
[2026-09-05T15:34:12.634Z] running selenium suite...
[2026-09-05T15:38:04.863Z] selenium: 232228ms, exit 0

[2026-09-05T15:38:04.863Z] restarting container before playwright run...
uni-course-management
[2026-09-05T15:38:13.851Z] running playwright suite...
[2026-09-05T15:38:48.512Z] playwright: 34660ms, exit 0

[2026-09-05T15:38:48.512Z] restarting container before playwright run...
uni-course-management
[2026-09-05T15:38:57.405Z] running playwright suite...
[2026-09-05T15:39:28.848Z] playwright: 31442ms, exit 0

[2026-09-05T15:39:28.848Z] restarting container before selenium run...
uni-course-management
[2026-09-05T15:39:37.795Z] running selenium suite...
[2026-09-05T15:42:57.259Z] selenium: 199463ms, exit 0

=== Summary ===
playwright: n=5 mean=36145ms median=34428ms stdev=6391ms min=31442ms max=48633ms non-zero-exit-runs=0
selenium: n=5 mean=297181ms median=328519ms stdev=68423ms min=199463ms max=367018ms non-zero-exit-runs=3

=== Invocation 2: node benchmark/h1-execution-speed/run.js 10 (10 rounds / 20 runs, appended to the same results.jsonl, bringing totals to n=15/15) ===
Running 10 rounds (20 total runs), alternating order.

[2026-09-05T15:46:00.790Z] restarting container before playwright run...
uni-course-management
[2026-09-05T15:46:09.751Z] running playwright suite...
[2026-09-05T15:46:41.370Z] playwright: 31618ms, exit 0

[2026-09-05T15:46:41.370Z] restarting container before selenium run...
uni-course-management
[2026-09-05T15:46:50.394Z] running selenium suite...
[2026-09-05T15:51:31.292Z] selenium: 280897ms, exit 0

[2026-09-05T15:51:31.292Z] restarting container before selenium run...
uni-course-management
[2026-09-05T15:51:40.235Z] running selenium suite...
[2026-09-05T15:57:40.198Z] selenium: 359961ms, exit 1

[2026-09-05T15:57:40.199Z] restarting container before playwright run...
uni-course-management
[2026-09-05T15:57:49.179Z] running playwright suite...
[2026-09-05T15:58:23.070Z] playwright: 33891ms, exit 0

[2026-09-05T15:58:23.070Z] restarting container before playwright run...
uni-course-management
[2026-09-05T15:58:31.934Z] running playwright suite...
[2026-09-05T15:59:02.898Z] playwright: 30964ms, exit 0

[2026-09-05T15:59:02.898Z] restarting container before selenium run...
uni-course-management
[2026-09-05T15:59:11.798Z] running selenium suite...
[2026-09-05T16:05:08.888Z] selenium: 357089ms, exit 2

[2026-09-05T16:05:08.888Z] restarting container before selenium run...
uni-course-management
[2026-09-05T16:05:17.776Z] running selenium suite...
[2026-09-05T16:10:14.115Z] selenium: 296337ms, exit 3

[2026-09-05T16:10:14.115Z] restarting container before playwright run...
uni-course-management
[2026-09-05T16:10:22.955Z] running playwright suite...
[2026-09-05T16:10:56.508Z] playwright: 33553ms, exit 0

[2026-09-05T16:10:56.508Z] restarting container before playwright run...
uni-course-management
[2026-09-05T16:11:05.410Z] running playwright suite...
[2026-09-05T16:11:36.224Z] playwright: 30814ms, exit 0

[2026-09-05T16:11:36.225Z] restarting container before selenium run...
uni-course-management
[2026-09-05T16:11:45.105Z] running selenium suite...
[2026-09-05T16:19:17.167Z] selenium: 452062ms, exit 3

[2026-09-05T16:19:17.168Z] restarting container before selenium run...
uni-course-management
[2026-09-05T16:19:26.015Z] running selenium suite...
[2026-09-05T16:23:37.948Z] selenium: 251932ms, exit 0

[2026-09-05T16:23:37.948Z] restarting container before playwright run...
uni-course-management
[2026-09-05T16:23:46.889Z] running playwright suite...
[2026-09-05T16:24:20.795Z] playwright: 33904ms, exit 0

[2026-09-05T16:24:20.795Z] restarting container before playwright run...
uni-course-management
[2026-09-05T16:24:29.694Z] running playwright suite...
[2026-09-05T16:25:00.551Z] playwright: 30856ms, exit 0

[2026-09-05T16:25:00.551Z] restarting container before selenium run...
uni-course-management
[2026-09-05T16:25:09.451Z] running selenium suite...
[2026-09-05T16:33:31.841Z] selenium: 502388ms, exit 2

[2026-09-05T16:33:31.841Z] restarting container before selenium run...
uni-course-management
[2026-09-05T16:33:40.772Z] running selenium suite...
[2026-09-05T16:39:55.473Z] selenium: 374700ms, exit 1

[2026-09-05T16:39:55.473Z] restarting container before playwright run...
uni-course-management
[2026-09-05T16:40:04.341Z] running playwright suite...
[2026-09-05T16:40:38.524Z] playwright: 34182ms, exit 0

[2026-09-05T16:40:38.524Z] restarting container before playwright run...
uni-course-management
[2026-09-05T16:40:47.475Z] running playwright suite...
[2026-09-05T16:41:18.340Z] playwright: 30864ms, exit 0

[2026-09-05T16:41:18.340Z] restarting container before selenium run...
uni-course-management
[2026-09-05T16:41:27.283Z] running selenium suite...
[2026-09-05T16:48:12.619Z] selenium: 405335ms, exit 2

[2026-09-05T16:48:12.619Z] restarting container before selenium run...
uni-course-management
[2026-09-05T16:48:21.579Z] running selenium suite...
[2026-09-05T16:52:44.372Z] selenium: 262792ms, exit 1

[2026-09-05T16:52:44.372Z] restarting container before playwright run...
uni-course-management
[2026-09-05T16:52:53.254Z] running playwright suite...
[2026-09-05T16:53:27.445Z] playwright: 34191ms, exit 0

=== Summary ===
playwright: n=15 mean=33704ms median=33553ms stdev=4250ms min=30814ms max=48633ms non-zero-exit-runs=0
selenium: n=15 mean=335293ms median=357089ms stdev=80188ms min=199463ms max=502388ms non-zero-exit-runs=11
